// Jest Snapshot v1, https://goo.gl/fbAQLP

exports[`g-marked.vue matches snapshot 1`] = `
"<article data-server-rendered=\\"true\\" data-v-137cac3a>
<h2 id=\\"-\\" data-v-137cac3a>ヘッドライン</h2>
<h2 id=\\"-\\" data-v-137cac3a>テーブル</h2>
大きなテーブルも作れま<ruby data-v-137cac3a>す<rp data-v-137cac3a>《</rp><rt data-v-137cac3a>るび</rt><rp data-v-137cac3a>》</rp></ruby>。<sup title=\\"まああんまり大きいと困りますけど。\\" class=\\"note\\" data-v-137cac3a>1</sup>

<table data-v-137cac3a><thead data-v-137cac3a><tr data-v-137cac3a><th style=\\"text-align:null;\\" data-v-137cac3a>Tables</th><th style=\\"text-align:center;\\" data-v-137cac3a>Are</th><th style=\\"text-align:right;\\" data-v-137cac3a>Cool</th></tr></thead><tbody data-v-137cac3a><tr data-v-137cac3a><td style=\\"text-align:null;\\" data-v-137cac3a>col <sup data-v-137cac3a>3</sup> is</td><td style=\\"text-align:center;\\" data-v-137cac3a>other</td><td style=\\"text-align:right;\\" data-v-137cac3a>$1600</td></tr><tr data-v-137cac3a><td style=\\"text-align:null;\\" data-v-137cac3a>col <sub data-v-137cac3a>2</sub> is</td><td style=\\"text-align:center;\\" data-v-137cac3a><q title=\\"１０分とか、５分とか。……ひどいときは１分だぜ。クール！\\" data-v-137cac3a>short</q></td><td style=\\"text-align:right;\\" data-v-137cac3a>$12</td></tr><tr data-v-137cac3a><td style=\\"text-align:null;\\" data-v-137cac3a>zebra stripes</td><td style=\\"text-align:center;\\" data-v-137cac3a><b title=\\"手引き\\" href=\\"http://crazy-crazy.sakura.ne.jp/giji/?%28Knowledge%29Guidance#l1\\" chk=\\"confirm\\" data-v-137cac3a>ガイド</b></td><td style=\\"text-align:right;\\" data-v-137cac3a>$1</td></tr></tbody></table><hr data-v-137cac3a><ol data-v-137cac3a><li data-v-137cac3a>まああんまり<abbr data-v-137cac3a>大きい</abbr>と困りま<ruby data-v-137cac3a>す<rp data-v-137cac3a>《</rp><rt data-v-137cac3a>るび</rt><rp data-v-137cac3a>》</rp></ruby>けど。</li></ol></article>"
`;
